Command line invocation:
    /Applications/Xcode.app/Contents/Developer/usr/bin/xcodebuild -project FloppyTurd.xcodeproj -scheme FloppyTurd -configuration Debug -sdk iphonesimulator -arch x86_64 build

User defaults from command line:
    IDEPackageSupportUseBuiltinSCM = YES

Build settings from command line:
    ARCHS = x86_64
    SDKROOT = iphonesimulator18.2

ComputeTargetDependencyGraph
note: Building targets in dependency order
note: Target dependency graph (2 targets)
    Target 'FloppyTurd' in project 'FloppyTurd'
        ➜ Explicit dependency on target 'ZERO_CHECK' in project 'FloppyTurd'
    Target 'ZERO_CHECK' in project 'FloppyTurd' (no dependencies)

GatherProvisioningInputs

CreateBuildDescription

ExecuteExternalTool /Applications/Xcode.app/Contents/Developer/Toolchains/XcodeDefault.xctoolchain/usr/bin/clang -v -E -dM -isysroot /Applications/Xcode.app/Contents/Developer/Platforms/iPhoneSimulator.platform/Developer/SDKs/iPhoneSimulator18.2.sdk -x c -c /dev/null

ExecuteExternalTool /Applications/Xcode.app/Contents/Developer/Toolchains/XcodeDefault.xctoolchain/usr/bin/clang -v -E -dM -arch x86_64 -isysroot /Applications/Xcode.app/Contents/Developer/Platforms/iPhoneSimulator.platform/Developer/SDKs/iPhoneSimulator18.2.sdk -x c++ -c /dev/null

ExecuteExternalTool /Applications/Xcode.app/Contents/Developer/Toolchains/XcodeDefault.xctoolchain/usr/bin/clang -v -E -dM -arch x86_64 -isysroot /Applications/Xcode.app/Contents/Developer/Platforms/iPhoneSimulator.platform/Developer/SDKs/iPhoneSimulator18.2.sdk -x objective-c++ -c /dev/null

ExecuteExternalTool /Applications/Xcode.app/Contents/Developer/usr/bin/actool --print-asset-tag-combinations --output-format xml1 /Users/aimac/Development/FloppyTurd/FloppyTurd/Assets.xcassets

ExecuteExternalTool /Applications/Xcode.app/Contents/Developer/usr/bin/actool --version --output-format xml1

ExecuteExternalTool /Applications/Xcode.app/Contents/Developer/Toolchains/XcodeDefault.xctoolchain/usr/bin/ld -version_details

ExecuteExternalTool /Applications/Xcode.app/Contents/Developer/Toolchains/XcodeDefault.xctoolchain/usr/bin/clang -v -E -dM -arch x86_64 -isysroot /Applications/Xcode.app/Contents/Developer/Platforms/iPhoneSimulator.platform/Developer/SDKs/iPhoneSimulator18.2.sdk -x c -c /dev/null

Build description signature: 9e4cf880a54f86f10fc90154ba776ea5
Build description path: /Users/aimac/Development/FloppyTurd/build/XCBuildData/9e4cf880a54f86f10fc90154ba776ea5.xcbuilddata
note: Run script build phase 'Generate CMakeFiles/ZERO_CHECK' will be run during every build because the option to run the script phase "Based on dependency analysis" is unchecked. (in target 'ZERO_CHECK' from project 'FloppyTurd')
PhaseScriptExecution Generate\ CMakeFiles/ZERO_CHECK /Users/aimac/Development/FloppyTurd/build/FloppyTurd.build/Debug-iphonesimulator/ZERO_CHECK.build/Script-0D5912483BC1DD92F2BBAF6F.sh (in target 'ZERO_CHECK' from project 'FloppyTurd')
    cd /Users/aimac/Development/FloppyTurd
    /bin/sh -c /Users/aimac/Development/FloppyTurd/build/FloppyTurd.build/Debug-iphonesimulator/ZERO_CHECK.build/Script-0D5912483BC1DD92F2BBAF6F.sh
make: `/Users/aimac/Development/FloppyTurd/CMakeFiles/cmake.check_cache' is up to date.

note: Run script build phase 'CMake PreBuild Rules' will be run during every build because the option to run the script phase "Based on dependency analysis" is unchecked. (in target 'FloppyTurd' from project 'FloppyTurd')
ProcessProductPackaging "" /Users/aimac/Development/FloppyTurd/build/FloppyTurd.build/Debug-iphonesimulator/FloppyTurd.app-Simulated.xcent (in target 'FloppyTurd' from project 'FloppyTurd')
    cd /Users/aimac/Development/FloppyTurd
    
    Entitlements:
    
    {
    "application-identifier" = "86886N72J8.com.floppyturd.game";
}
    
    builtin-productPackagingUtility -entitlements -format xml -o /Users/aimac/Development/FloppyTurd/build/FloppyTurd.build/Debug-iphonesimulator/FloppyTurd.app-Simulated.xcent

ProcessProductPackagingDER /Users/aimac/Development/FloppyTurd/build/FloppyTurd.build/Debug-iphonesimulator/FloppyTurd.app-Simulated.xcent /Users/aimac/Development/FloppyTurd/build/FloppyTurd.build/Debug-iphonesimulator/FloppyTurd.app-Simulated.xcent.der (in target 'FloppyTurd' from project 'FloppyTurd')
    cd /Users/aimac/Development/FloppyTurd
    /usr/bin/derq query -f xml -i /Users/aimac/Development/FloppyTurd/build/FloppyTurd.build/Debug-iphonesimulator/FloppyTurd.app-Simulated.xcent -o /Users/aimac/Development/FloppyTurd/build/FloppyTurd.build/Debug-iphonesimulator/FloppyTurd.app-Simulated.xcent.der --raw

PhaseScriptExecution CMake\ PreBuild\ Rules /Users/aimac/Development/FloppyTurd/build/FloppyTurd.build/Debug-iphonesimulator/Script-3B65F119560F08E4C38CD92B.sh (in target 'FloppyTurd' from project 'FloppyTurd')
    cd /Users/aimac/Development/FloppyTurd
    /bin/sh -c /Users/aimac/Development/FloppyTurd/build/FloppyTurd.build/Debug-iphonesimulator/Script-3B65F119560F08E4C38CD92B.sh
Generating asset catalog from resources...
Processed image: enemies/SnowManChill
Processed image: enemies/BirdHurt
Processed image: enemies/BirdIdle
Processed image: enemies/RatkingHurt
Processed image: enemies/SnowManThrow
Processed image: enemies/RatCopterIdle
Processed image: enemies/RatCopterHurt
Processed image: enemies/SnowManChad
Processed image: enemies/RatkingDeath
Processed image: enemies/SnowManGreen
Processed image: enemies/Ratking
Processed image: enemies/ToiletPaperHit
Processed image: enemies/toiletpaperprojectile
Processed image: enemies/RatkingAimTossArmOnly
Processed image: enemies/RatkingAimTorsoOnly
Processed image: enemies/ToiletPaperFlap
Processed image: enemies/RatkingAimBackArmOnly
Processed image: enemies/RatkingWalk
Processed image: enemies/SnowManIdle
Processed image: environment/Cacti
Processed image: environment/Snowfall
Processed image: environment/SnowLevelMountains
Processed image: environment/SewerBackgroundRunningWater
Processed image: environment/BottomPipeWideBlue
Processed image: environment/SnowLevelFrontTrees
Processed image: environment/Level3MidLayerBackground
Processed image: environment/BottomToiletSnow
Processed image: environment/TopToilet
Processed image: environment/Level1MidLayerBackground
Processed image: environment/bosspillar
Processed image: environment/dancingcacti
Processed image: environment/castlelevelfloorceiling
Processed image: environment/SnowLevelTundra
Processed image: environment/BossFloor
Processed image: environment/Level1Clouds
Processed image: environment/castlelevelfloortorch
Processed image: environment/SnowLevelBackground
Processed image: environment/dancingcactismall
Processed image: environment/Level3FrontLayerBackground
Processed image: environment/BottomToilet
Processed image: environment/BottomToiletGold-export
Processed image: environment/TopToiletSnow
Processed image: environment/sewerwidevarA
Processed image: environment/sewerwidevarB
Processed image: environment/Level1FrontLayerBackground
Processed image: environment/sewerwidevarC
Processed image: environment/OuthouseToilet
Processed image: environment/BottomToiletGold
Processed image: environment/BottomPipeWide
Processed image: environment/snow_tile
Processed image: environment/BossWalls
Processed image: environment/sewerwidevarD
Processed image: environment/Level1BackLayerBackground
Processed image: environment/ratkingbackground
Processed image: environment/sewerwidevarE
Processed image: environment/TopPipeWideBlue
Processed image: environment/castlelevelchandelier
Processed image: environment/dancingcacticowboy
Processed image: environment/TopPipeWide
Processed image: environment/TorchPillar
Processed image: environment/darkclouds
Processed image: environment/sewerrunningwaterwide
Processed image: environment/TopToiletGold
Processed image: environment/Outhouse
Processed image: environment/castlelevelbackgroundwall
Processed image: environment/screenCurtains
Processed image: environment/Level3BackLayerBackground
Processed image: environment/SnowLevelBackTrees
Processed image: environment/curtains
Processed image: hats/ramsesbigturdshoot
Processed image: hats/poophatturdletshoot
Processed image: hats/shellhatturdletjump
Processed image: hats/pinwheelbigturdshoot
Processed image: hats/berethatbigturdjump
Processed image: hats/ballcapturdletjump
Processed image: hats/tophatbigturdshoot
Processed image: hats/flowerhatbigturdshoot
Processed image: hats/ramsesturdletjump
Processed image: hats/crownhatturdletjump
Processed image: hats/shellhatbigturdshoot
Processed image: hats/cowboyhatturdlet
Processed image: hats/ushanka
Processed image: hats/samuraibigturdjump
Processed image: hats/spartanhatturdletshoot
Processed image: hats/dooragbigturdjump
Processed image: hats/ushankaturdletshoot
Processed image: hats/PinwheelHat
Processed image: hats/ushankabigturdjump
Processed image: hats/dooragbigturdshoot
Processed image: hats/crownhatbigturdjump
Processed image: hats/berethatbigturdshoot
Processed image: hats/ramsesbigturdjump
Processed image: hats/berethatturdletjump
Processed image: hats/ballcapbigturdshoot
Processed image: hats/ballcapbigturdjump
Processed image: hats/shellhatbigturdjump
Processed image: hats/strawhatturdletshoot
Processed image: hats/samuraibigturdshoot
Processed image: hats/poophat
Processed image: hats/ushankaturdletjump
Processed image: hats/dooraghat
Processed image: hats/dooragturdletjump
Processed image: hats/samuraiturdletjump
Processed image: hats/crownhatturdletshoot
Processed image: hats/ballcap
Processed image: hats/cowboyhatbigturdshoot
Processed image: hats/placeholder
Processed image: hats/tophatbigturdjump
Processed image: hats/flowerhatturdletjump
Processed image: hats/poophatturdletjump
Processed image: hats/SpartanHelmet
Processed image: hats/spartanhatturdletjump
Processed image: hats/SamuraiHelmet
Processed image: hats/cowboyhatturdletshoot
Processed image: hats/crownhatbigturdshoot
Processed image: hats/cowboyhatteenage
Processed image: hats/berethatturdletshoot
Processed image: hats/cowboyhat
Processed image: hats/dooragturdletshoot
Processed image: hats/pinwheelbigturdjump
Processed image: hats/cowboyhatturdletjump
Processed image: hats/shellhat
Processed image: hats/ballcapturdletshoot
Processed image: hats/strawhatturdletjump
Processed image: hats/samuraiturdletshoot
Processed image: hats/strawhatbigturdshoot
Processed image: hats/shellhatturdletshoot
Processed image: hats/RamsesHat
Processed image: hats/Beret
Processed image: hats/spartanhatbigturdshoot
Processed image: hats/spartanhatbigturdjump
Processed image: hats/flowerhat
Processed image: hats/ushankabigturdshoot
Processed image: hats/poophatbigturdjump
Processed image: hats/flowerhatbigturdjump
Processed image: hats/tophatturdletjump
Processed image: hats/pinwheelturdletshoot
Processed image: hats/cowboyhatteenageshoot
Processed image: hats/ramsesturdletshoot
Processed image: hats/poophatbigturdshoot
Processed image: hats/strawhatbigturdjump
Processed image: hats/tophat
Processed image: hats/crown
Processed image: hats/strawhat
Processed image: hats/flowerhatturdletshoot
Processed image: hats/cowboyhatbigturdjump
Processed image: hats/tophatturdletshoot
Processed image: hats/pinwheelturdletjump
Processed image: hats/cowboyhatbigturd
Processed image: mainmenu/FloppyLogo
Processed image: mainmenu/RatKingPainting
Processed image: mainmenu/DesertLevelPainting
Processed image: mainmenu/LockedPainting
Processed image: mainmenu/EmptyPainting
Processed image: mainmenu/ParkLevelPainting
Processed image: mainmenu/MainMenuMobile
Processed image: mainmenu/MainMenu
Processed image: mainmenu/CastleLevelPainting
Processed image: mainmenu/SnowLevelPainting
Processed image: mainmenu/SewerLevelPainting
Processed image: mainmenu/F
Processed image: objects/BlueCoin
Processed image: objects/RatBeachPainting
Processed image: objects/CactiBush
Processed image: objects/PooHeartRainbowBeam
Processed image: objects/JanitorSweep
Processed image: objects/Janitor
Processed image: objects/PooHeartRainbow
Processed image: objects/RiverWalkPainting
Processed image: objects/JanitorSurprise
Processed image: objects/SpikeBallBase
Processed image: objects/Snowball
Processed image: objects/BrickWall
Processed image: objects/SpikeBall
Processed image: objects/RedCoin
Processed image: objects/GoldCoin
Processed image: objects/PooHeartBig
Processed image: objects/CactiC
Processed image: objects/CactiB
Processed image: objects/PooHeart
Processed image: objects/CactiA
Processed image: objects/CactiE
Processed image: objects/CactiD
Processed image: objects/CabinPainting
Processed image: objects/RabbitKnightPainting
Processed image: turd/Floppy Poop Mid
Processed image: turd/TeenageTurdShoot
Processed image: turd/Floppy Poop
Processed image: turd/BigTurdShoot
Processed image: turd/TeenageTurdJump
Processed image: turd/TurdletShoot
Processed image: turd/BigTurdHurt
Processed image: turd/BigTurdIdle
Processed image: turd/TurdletJump
Processed image: turd/TeenageTurdHurt
Processed image: turd/TeenageTurdIdle
Processed image: turd/BigTurdJump
Processed image: turd/TurdletIdle
Processed image: turd/Floppy Poop Large
Processed image: turd/TurdletHurt
Processed image: ui/BossBarFrame
Processed image: ui/mutebuttonclicked
Processed image: ui/TurdHeart2ThirdsHollow
Processed image: ui/HatFrameSelected
Processed image: ui/TurdPointButtonClaimed
Processed image: ui/TurdPointButtonAvailable
Processed image: ui/achievementicon
Processed image: ui/volumemeterempty
Processed image: ui/SkillMenuBorder
Processed image: ui/TryAgainBackground
Processed image: ui/TurdPointMenu
Processed image: ui/RightArrowHover
Processed image: ui/HatFrameLocked
Processed image: ui/TurdHeart2Thirds
Processed image: ui/TurdHeart
Processed image: ui/minusbuttonhover
Processed image: ui/TurdHeart0HalfHollow
Processed image: ui/TurdPointButtonFocused
Processed image: ui/mutebutton
Processed image: ui/mutebuttonlockedclicked
Processed image: ui/SkillPointInfoBackground
Processed image: ui/achievementiconunlocked
Processed image: ui/TurdPointButton
Processed image: ui/HatFrameDenied
Processed image: ui/mutebuttonhover
Processed image: ui/TurdHeart1Half
Processed image: ui/TurdHeart2ThirdsHollow2Thirds
Processed image: ui/CoinBag
Processed image: ui/plusbuttonhover
Processed image: ui/RightArrow
Processed image: ui/LeftArrow
Processed image: ui/HatFrame
Processed image: ui/TurdHeartHollow
Processed image: ui/GameOverBackground
Processed image: ui/FloppyTurdMorte
Processed image: ui/PauseMenuBackground
Processed image: ui/BossBarHealth
Processed image: ui/GameOverScore
Processed image: ui/TurdHeart1ThirdHollow
Processed image: ui/Score
Processed image: ui/HatFrameHover
Processed image: ui/mutebuttonlockedhover
Processed image: ui/LeftArrowHover
Processed image: ui/minusbuttonclicked
Processed image: ui/TurdHeart1ThirdsHollow1Thirds
Processed image: ui/UpArrow
Processed image: ui/FloppyButtonBlueHover
Processed image: ui/TurdHeart0ThirdHollow
Processed image: ui/BossBarHurt
Processed image: ui/TurdHeart1HalfHollow
Processed image: ui/RatkingStatic
Processed image: ui/TurdHeart1Third
Processed image: ui/TurdHeart0ThirdHollow1Third
Processed image: ui/a
Processed image: ui/minusbutton
Processed image: ui/TurdHeart0HalfHollow1Half
Processed image: ui/TurdHeartSmall
Processed image: ui/volumemeterfull
Processed image: ui/plusbutton
Processed image: ui/DownArrow
Processed image: ui/plusbuttonclicked
Processed image: ui/ScoreSmall
Processed image: ui/mutebuttonlocked
Processed image: ui/FloppyTurdCreditsBackground
Processed image: ui/FloppyButtonBlue
Processed image: vfx/blast_big
Processed image: vfx/blast_small
Processed audio: music/BossLevel
Processed audio: music/SewerSlow
Processed audio: music/ParkFast
Processed audio: music/CastleFast
Processed audio: music/BossThemeLowHealth
Processed audio: music/BeachLevel
Processed audio: music/SnowSlow
Processed audio: music/DesertSlow
Processed audio: music/BossThemeSlow
Processed audio: music/BossKill
Processed audio: music/gameover
Processed audio: music/SewerFast
Processed audio: music/BossThemeLowHealth
Processed audio: music/SnowLevel
Processed audio: music/FloppyBossSlowFartless
Processed audio: music/MenuFast
Processed audio: music/DesertLevel
Processed audio: music/ParkSlow
Processed audio: music/CastleSlow
Processed audio: music/CastleFastFart
Processed audio: music/ParkLevel
Processed audio: music/SewerLevel
Processed audio: music/SnowFast
Processed audio: music/CastleLevel
Processed audio: music/EndTheme
Processed audio: music/BossThemeFast
Processed audio: music/DesertFast
Processed audio: sounds/BigHealthPickup
Processed audio: sounds/fart11
Processed audio: sounds/fart10
Processed audio: sounds/fart9
Processed audio: sounds/fart8
Processed audio: sounds/pickup
Processed audio: sounds/fart6
Processed audio: sounds/fart7
Processed audio: sounds/hurt
Processed audio: sounds/fart5
Processed audio: sounds/fart4
Processed audio: sounds/fart1
Processed audio: sounds/fart3
Processed audio: sounds/RatKingScreech
Processed audio: sounds/fart2
Processed audio: sounds/ratkill
Processed audio: sounds/confirm
Processed audio: sounds/SmallHealthPickup
Processed audio: sounds/tpkill
Processed audio: mainmenu/FloppyTurdMenuAlt
Processed audio: mainmenu/FloppyTurdMenu
Processed fonts
Asset catalog generation complete at: /Users/aimac/Development/FloppyTurd/scripts/../FloppyTurd/Assets.xcassets

CompileAssetCatalog /Users/aimac/Development/FloppyTurd/Debug-iphonesimulator/FloppyTurd.app /Users/aimac/Development/FloppyTurd/FloppyTurd/Assets.xcassets (in target 'FloppyTurd' from project 'FloppyTurd')
    cd /Users/aimac/Development/FloppyTurd
    /Applications/Xcode.app/Contents/Developer/usr/bin/actool --output-format human-readable-text --notices --warnings --export-dependency-info /Users/aimac/Development/FloppyTurd/build/FloppyTurd.build/Debug-iphonesimulator/assetcatalog_dependencies --output-partial-info-plist /Users/aimac/Development/FloppyTurd/build/FloppyTurd.build/Debug-iphonesimulator/assetcatalog_generated_info.plist --compress-pngs --enable-on-demand-resources YES --development-region en --target-device iphone --target-device ipad --minimum-deployment-target 13.0 --platform iphonesimulator --compile /Users/aimac/Development/FloppyTurd/Debug-iphonesimulator/FloppyTurd.app /Users/aimac/Development/FloppyTurd/FloppyTurd/Assets.xcassets
/* com.apple.actool.document.warnings */
/Users/aimac/Development/FloppyTurd/FloppyTurd/Assets.xcassets:./music/Level5.dataset/(null)[2d][Level5.ogg]: warning: The data set "Level5" has an unassigned child.
/Users/aimac/Development/FloppyTurd/FloppyTurd/Assets.xcassets:./music/BossThemeLowHealth.dataset/(null)[2d][BossThemeLowHealth.ogg]: warning: The data set "BossThemeLowHealth" has an unassigned child.
/Users/aimac/Development/FloppyTurd/FloppyTurd/Assets.xcassets:./music/BossThemeLowHealth.dataset/(null)[2d][BossThemeLowHealth.ogg]: warning: The data set "BossThemeLowHealth" has an unassigned child.
/Users/aimac/Development/FloppyTurd/FloppyTurd/Assets.xcassets:./music/Level5.dataset/(null)[2d][Level5.ogg]: warning: The data set "Level5" has an unassigned child.
/* com.apple.actool.compilation-results */
/Users/aimac/Development/FloppyTurd/Debug-iphonesimulator/FloppyTurd.app/Assets.car
/Users/aimac/Development/FloppyTurd/build/FloppyTurd.build/Debug-iphonesimulator/assetcatalog_generated_info.plist


ProcessInfoPlistFile /Users/aimac/Development/FloppyTurd/Debug-iphonesimulator/FloppyTurd.app/Info.plist /Users/aimac/Development/FloppyTurd/CMakeFiles/FloppyTurd.dir/Info.plist (in target 'FloppyTurd' from project 'FloppyTurd')
    cd /Users/aimac/Development/FloppyTurd
    builtin-infoPlistUtility /Users/aimac/Development/FloppyTurd/CMakeFiles/FloppyTurd.dir/Info.plist -producttype com.apple.product-type.application -genpkginfo /Users/aimac/Development/FloppyTurd/Debug-iphonesimulator/FloppyTurd.app/PkgInfo -expandbuildsettings -format binary -platform iphonesimulator -additionalcontentfile /Users/aimac/Development/FloppyTurd/build/FloppyTurd.build/Debug-iphonesimulator/assetcatalog_generated_info.plist -o /Users/aimac/Development/FloppyTurd/Debug-iphonesimulator/FloppyTurd.app/Info.plist

GenerateAssetSymbols /Users/aimac/Development/FloppyTurd/FloppyTurd/Assets.xcassets (in target 'FloppyTurd' from project 'FloppyTurd')
    cd /Users/aimac/Development/FloppyTurd
    /Applications/Xcode.app/Contents/Developer/usr/bin/actool --output-format human-readable-text --notices --warnings --export-dependency-info /Users/aimac/Development/FloppyTurd/build/FloppyTurd.build/Debug-iphonesimulator/assetcatalog_dependencies --output-partial-info-plist /Users/aimac/Development/FloppyTurd/build/FloppyTurd.build/Debug-iphonesimulator/assetcatalog_generated_info.plist --compress-pngs --enable-on-demand-resources YES --development-region en --target-device iphone --target-device ipad --minimum-deployment-target 13.0 --platform iphonesimulator --compile /Users/aimac/Development/FloppyTurd/Debug-iphonesimulator/FloppyTurd.app /Users/aimac/Development/FloppyTurd/FloppyTurd/Assets.xcassets --bundle-identifier com.floppyturd.game --generate-objc-asset-symbols /Users/aimac/Development/FloppyTurd/build/FloppyTurd.build/Debug-iphonesimulator/DerivedSources/GeneratedAssetSymbols.h --generate-asset-symbol-index /Users/aimac/Development/FloppyTurd/build/FloppyTurd.build/Debug-iphonesimulator/DerivedSources/GeneratedAssetSymbols-Index.plist
/* com.apple.actool.document.warnings */
/Users/aimac/Development/FloppyTurd/FloppyTurd/Assets.xcassets:./music/BossThemeLowHealth.dataset/(null)[2d][BossThemeLowHealth.ogg]: warning: The data set "BossThemeLowHealth" has an unassigned child.
/Users/aimac/Development/FloppyTurd/FloppyTurd/Assets.xcassets:./music/Level5.dataset/(null)[2d][Level5.ogg]: warning: The data set "Level5" has an unassigned child.
/* com.apple.actool.compilation-results */
/Users/aimac/Development/FloppyTurd/build/FloppyTurd.build/Debug-iphonesimulator/DerivedSources/GeneratedAssetSymbols-Index.plist
/Users/aimac/Development/FloppyTurd/build/FloppyTurd.build/Debug-iphonesimulator/DerivedSources/GeneratedAssetSymbols.h


ClangStatCache /Applications/Xcode.app/Contents/Developer/Toolchains/XcodeDefault.xctoolchain/usr/bin/clang-stat-cache /Applications/Xcode.app/Contents/Developer/Platforms/iPhoneSimulator.platform/Developer/SDKs/iPhoneSimulator18.2.sdk /Users/aimac/Library/Developer/Xcode/DerivedData/SDKStatCaches.noindex/iphonesimulator18.2-22C146-07b28473f605e47e75261259d3ef3b5a.sdkstatcache
    cd /Users/aimac/Development/FloppyTurd/FloppyTurd.xcodeproj
    /Applications/Xcode.app/Contents/Developer/Toolchains/XcodeDefault.xctoolchain/usr/bin/clang-stat-cache /Applications/Xcode.app/Contents/Developer/Platforms/iPhoneSimulator.platform/Developer/SDKs/iPhoneSimulator18.2.sdk -o /Users/aimac/Library/Developer/Xcode/DerivedData/SDKStatCaches.noindex/iphonesimulator18.2-22C146-07b28473f605e47e75261259d3ef3b5a.sdkstatcache

CompileC /Users/aimac/Development/FloppyTurd/build/FloppyTurd.build/Debug-iphonesimulator/Objects-normal/x86_64/MetalTextureCache.o /Users/aimac/Development/FloppyTurd/FloppyTurd/MetalTextureCache.mm normal x86_64 objective-c++ com.apple.compilers.llvm.clang.1_0.compiler (in target 'FloppyTurd' from project 'FloppyTurd')
    cd /Users/aimac/Development/FloppyTurd
    
    Using response file: /Users/aimac/Development/FloppyTurd/build/FloppyTurd.build/Debug-iphonesimulator/Objects-normal/x86_64/af3fcb34312c57c0f52879cdce924b91-common-args.resp
    
    /Applications/Xcode.app/Contents/Developer/Toolchains/XcodeDefault.xctoolchain/usr/bin/clang -x objective-c++ -ivfsstatcache /Users/aimac/Library/Developer/Xcode/DerivedData/SDKStatCaches.noindex/iphonesimulator18.2-22C146-07b28473f605e47e75261259d3ef3b5a.sdkstatcache -fmessage-length\=0 -fdiagnostics-show-note-include-stack -fmacro-backtrace-limit\=0 -fno-color-diagnostics -Wno-trigraphs -Wno-missing-field-initializers -Wno-missing-prototypes -Wno-return-type -Wno-implicit-atomic-properties -Wno-objc-interface-ivars -Wno-arc-repeated-use-of-weak -Wno-non-virtual-dtor -Wno-overloaded-virtual -Wno-exit-time-destructors -Wno-missing-braces -Wparentheses -Wswitch -Wno-unused-function -Wno-unused-label -Wno-unused-parameter -Wno-unused-variable -Wunused-value -Wno-empty-body -Wno-uninitialized -Wno-unknown-pragmas -Wno-shadow -Wno-four-char-constants -Wno-conversion -Wno-constant-conversion -Wno-int-conversion -Wno-bool-conversion -Wno-enum-conversion -Wno-float-conversion -Wno-non-literal-null-conversion -Wno-objc-literal-conversion -Wshorten-64-to-32 -Wno-newline-eof -Wno-selector -Wno-strict-selector-match -Wno-undeclared-selector -Wno-deprecated-implementations -Wno-c++11-extensions -Wno-implicit-fallthrough -fstrict-aliasing -Wprotocol -Wdeprecated-declarations -Winvalid-offsetof -Wno-sign-conversion -Wno-infinite-recursion -Wno-move -Wno-comma -Wno-block-capture-autoreleasing -Wno-strict-prototypes -Wno-range-loop-analysis -Wno-semicolon-before-method-body -index-store-path /Users/aimac/Library/Developer/Xcode/DerivedData/FloppyTurd-gmfqtifroyfasvcubqfvsxhpuoel/Index.noindex/DataStore -Wall -Wextra @/Users/aimac/Development/FloppyTurd/build/FloppyTurd.build/Debug-iphonesimulator/Objects-normal/x86_64/af3fcb34312c57c0f52879cdce924b91-common-args.resp -MMD -MT dependencies -MF /Users/aimac/Development/FloppyTurd/build/FloppyTurd.build/Debug-iphonesimulator/Objects-normal/x86_64/MetalTextureCache.d --serialize-diagnostics /Users/aimac/Development/FloppyTurd/build/FloppyTurd.build/Debug-iphonesimulator/Objects-normal/x86_64/MetalTextureCache.dia -c /Users/aimac/Development/FloppyTurd/FloppyTurd/MetalTextureCache.mm -o /Users/aimac/Development/FloppyTurd/build/FloppyTurd.build/Debug-iphonesimulator/Objects-normal/x86_64/MetalTextureCache.o -index-unit-output-path /FloppyTurd.build/Debug-iphonesimulator/Objects-normal/x86_64/MetalTextureCache.o

CompileC /Users/aimac/Development/FloppyTurd/build/FloppyTurd.build/Debug-iphonesimulator/Objects-normal/x86_64/PlatformTraitsIOS.o /Users/aimac/Development/FloppyTurd/FloppyTurd/PlatformTraitsIOS.mm normal x86_64 objective-c++ com.apple.compilers.llvm.clang.1_0.compiler (in target 'FloppyTurd' from project 'FloppyTurd')
    cd /Users/aimac/Development/FloppyTurd
    
    Using response file: /Users/aimac/Development/FloppyTurd/build/FloppyTurd.build/Debug-iphonesimulator/Objects-normal/x86_64/af3fcb34312c57c0f52879cdce924b91-common-args.resp
    
    /Applications/Xcode.app/Contents/Developer/Toolchains/XcodeDefault.xctoolchain/usr/bin/clang -x objective-c++ -ivfsstatcache /Users/aimac/Library/Developer/Xcode/DerivedData/SDKStatCaches.noindex/iphonesimulator18.2-22C146-07b28473f605e47e75261259d3ef3b5a.sdkstatcache -fmessage-length\=0 -fdiagnostics-show-note-include-stack -fmacro-backtrace-limit\=0 -fno-color-diagnostics -Wno-trigraphs -Wno-missing-field-initializers -Wno-missing-prototypes -Wno-return-type -Wno-implicit-atomic-properties -Wno-objc-interface-ivars -Wno-arc-repeated-use-of-weak -Wno-non-virtual-dtor -Wno-overloaded-virtual -Wno-exit-time-destructors -Wno-missing-braces -Wparentheses -Wswitch -Wno-unused-function -Wno-unused-label -Wno-unused-parameter -Wno-unused-variable -Wunused-value -Wno-empty-body -Wno-uninitialized -Wno-unknown-pragmas -Wno-shadow -Wno-four-char-constants -Wno-conversion -Wno-constant-conversion -Wno-int-conversion -Wno-bool-conversion -Wno-enum-conversion -Wno-float-conversion -Wno-non-literal-null-conversion -Wno-objc-literal-conversion -Wshorten-64-to-32 -Wno-newline-eof -Wno-selector -Wno-strict-selector-match -Wno-undeclared-selector -Wno-deprecated-implementations -Wno-c++11-extensions -Wno-implicit-fallthrough -fstrict-aliasing -Wprotocol -Wdeprecated-declarations -Winvalid-offsetof -Wno-sign-conversion -Wno-infinite-recursion -Wno-move -Wno-comma -Wno-block-capture-autoreleasing -Wno-strict-prototypes -Wno-range-loop-analysis -Wno-semicolon-before-method-body -index-store-path /Users/aimac/Library/Developer/Xcode/DerivedData/FloppyTurd-gmfqtifroyfasvcubqfvsxhpuoel/Index.noindex/DataStore -Wall -Wextra @/Users/aimac/Development/FloppyTurd/build/FloppyTurd.build/Debug-iphonesimulator/Objects-normal/x86_64/af3fcb34312c57c0f52879cdce924b91-common-args.resp -MMD -MT dependencies -MF /Users/aimac/Development/FloppyTurd/build/FloppyTurd.build/Debug-iphonesimulator/Objects-normal/x86_64/PlatformTraitsIOS.d --serialize-diagnostics /Users/aimac/Development/FloppyTurd/build/FloppyTurd.build/Debug-iphonesimulator/Objects-normal/x86_64/PlatformTraitsIOS.dia -c /Users/aimac/Development/FloppyTurd/FloppyTurd/PlatformTraitsIOS.mm -o /Users/aimac/Development/FloppyTurd/build/FloppyTurd.build/Debug-iphonesimulator/Objects-normal/x86_64/PlatformTraitsIOS.o -index-unit-output-path /FloppyTurd.build/Debug-iphonesimulator/Objects-normal/x86_64/PlatformTraitsIOS.o
In file included from /Users/aimac/Development/FloppyTurd/FloppyTurd/PlatformTraitsIOS.mm:2:
/Users/aimac/Development/FloppyTurd/FloppyTurd/MetalRenderer.h:219:5: error: unexpected '@' in member specification
  219 |     @property (nonatomic, strong) id<MTLDevice> m_device;
      |     ^
/Users/aimac/Development/FloppyTurd/FloppyTurd/MetalRenderer.h:219:57: warning: extra ';' inside a class [-Wextra-semi]
  219 |     @property (nonatomic, strong) id<MTLDevice> m_device;
      |                                                         ^
/Users/aimac/Development/FloppyTurd/FloppyTurd/MetalRenderer.h:189:46: error: use of undeclared identifier 'm_device'; did you mean 'madvise'?
  189 |     id<MTLDevice> GetDevice() const { return m_device; }
      |                                              ^~~~~~~~
      |                                              madvise
In file included from /Users/aimac/Development/FloppyTurd/FloppyTurd/PlatformTraitsIOS.mm:1:
In file included from /Users/aimac/Development/FloppyTurd/FloppyTurd/PlatformTraits.h:82:
In file included from /Applications/Xcode.app/Contents/Developer/Platforms/iPhoneSimulator.platform/Developer/SDKs/iPhoneSimulator18.2.sdk/System/Library/Frameworks/Foundation.framework/Headers/Foundation.h:103:
In file included from /Applications/Xcode.app/Contents/Developer/Platforms/iPhoneSimulator.platform/Developer/SDKs/iPhoneSimulator18.2.sdk/System/Library/Frameworks/Foundation.framework/Headers/NSXPCConnection.h:14:
In file included from /Applications/Xcode.app/Contents/Developer/Platforms/iPhoneSimulator.platform/Developer/SDKs/iPhoneSimulator18.2.sdk/usr/include/xpc/xpc.h:9:
/Applications/Xcode.app/Contents/Developer/Platforms/iPhoneSimulator.platform/Developer/SDKs/iPhoneSimulator18.2.sdk/usr/include/sys/mman.h:266:9: note: 'madvise' declared here
  266 | int     madvise(void *, size_t, int);
      |         ^
In file included from /Users/aimac/Development/FloppyTurd/FloppyTurd/PlatformTraitsIOS.mm:2:
/Users/aimac/Development/FloppyTurd/FloppyTurd/MetalRenderer.h:189:46: error: cannot initialize return object of type 'id<MTLDevice>' with an lvalue of type 'int (void *, size_t, int)' (aka 'int (void *, unsigned long, int)')
  189 |     id<MTLDevice> GetDevice() const { return m_device; }
      |                                              ^~~~~~~~

CompileC /Users/aimac/Development/FloppyTurd/build/FloppyTurd.build/Debug-iphonesimulator/Objects-normal/x86_64/MetalShader.o /Users/aimac/Development/FloppyTurd/FloppyTurd/MetalShader.mm normal x86_64 objective-c++ com.apple.compilers.llvm.clang.1_0.compiler (in target 'FloppyTurd' from project 'FloppyTurd')
    cd /Users/aimac/Development/FloppyTurd
    
    Using response file: /Users/aimac/Development/FloppyTurd/build/FloppyTurd.build/Debug-iphonesimulator/Objects-normal/x86_64/af3fcb34312c57c0f52879cdce924b91-common-args.resp
    
    /Applications/Xcode.app/Contents/Developer/Toolchains/XcodeDefault.xctoolchain/usr/bin/clang -x objective-c++ -ivfsstatcache /Users/aimac/Library/Developer/Xcode/DerivedData/SDKStatCaches.noindex/iphonesimulator18.2-22C146-07b28473f605e47e75261259d3ef3b5a.sdkstatcache -fmessage-length\=0 -fdiagnostics-show-note-include-stack -fmacro-backtrace-limit\=0 -fno-color-diagnostics -Wno-trigraphs -Wno-missing-field-initializers -Wno-missing-prototypes -Wno-return-type -Wno-implicit-atomic-properties -Wno-objc-interface-ivars -Wno-arc-repeated-use-of-weak -Wno-non-virtual-dtor -Wno-overloaded-virtual -Wno-exit-time-destructors -Wno-missing-braces -Wparentheses -Wswitch -Wno-unused-function -Wno-unused-label -Wno-unused-parameter -Wno-unused-variable -Wunused-value -Wno-empty-body -Wno-uninitialized -Wno-unknown-pragmas -Wno-shadow -Wno-four-char-constants -Wno-conversion -Wno-constant-conversion -Wno-int-conversion -Wno-bool-conversion -Wno-enum-conversion -Wno-float-conversion -Wno-non-literal-null-conversion -Wno-objc-literal-conversion -Wshorten-64-to-32 -Wno-newline-eof -Wno-selector -Wno-strict-selector-match -Wno-undeclared-selector -Wno-deprecated-implementations -Wno-c++11-extensions -Wno-implicit-fallthrough -fstrict-aliasing -Wprotocol -Wdeprecated-declarations -Winvalid-offsetof -Wno-sign-conversion -Wno-infinite-recursion -Wno-move -Wno-comma -Wno-block-capture-autoreleasing -Wno-strict-prototypes -Wno-range-loop-analysis -Wno-semicolon-before-method-body -index-store-path /Users/aimac/Library/Developer/Xcode/DerivedData/FloppyTurd-gmfqtifroyfasvcubqfvsxhpuoel/Index.noindex/DataStore -Wall -Wextra @/Users/aimac/Development/FloppyTurd/build/FloppyTurd.build/Debug-iphonesimulator/Objects-normal/x86_64/af3fcb34312c57c0f52879cdce924b91-common-args.resp -MMD -MT dependencies -MF /Users/aimac/Development/FloppyTurd/build/FloppyTurd.build/Debug-iphonesimulator/Objects-normal/x86_64/MetalShader.d --serialize-diagnostics /Users/aimac/Development/FloppyTurd/build/FloppyTurd.build/Debug-iphonesimulator/Objects-normal/x86_64/MetalShader.dia -c /Users/aimac/Development/FloppyTurd/FloppyTurd/MetalShader.mm -o /Users/aimac/Development/FloppyTurd/build/FloppyTurd.build/Debug-iphonesimulator/Objects-normal/x86_64/MetalShader.o -index-unit-output-path /FloppyTurd.build/Debug-iphonesimulator/Objects-normal/x86_64/MetalShader.o

CompileC /Users/aimac/Development/FloppyTurd/build/FloppyTurd.build/Debug-iphonesimulator/Objects-normal/x86_64/GameViewController.o /Users/aimac/Development/FloppyTurd/FloppyTurd/iOS/GameViewController.mm normal x86_64 objective-c++ com.apple.compilers.llvm.clang.1_0.compiler (in target 'FloppyTurd' from project 'FloppyTurd')
    cd /Users/aimac/Development/FloppyTurd
    
    Using response file: /Users/aimac/Development/FloppyTurd/build/FloppyTurd.build/Debug-iphonesimulator/Objects-normal/x86_64/af3fcb34312c57c0f52879cdce924b91-common-args.resp
    
    /Applications/Xcode.app/Contents/Developer/Toolchains/XcodeDefault.xctoolchain/usr/bin/clang -x objective-c++ -ivfsstatcache /Users/aimac/Library/Developer/Xcode/DerivedData/SDKStatCaches.noindex/iphonesimulator18.2-22C146-07b28473f605e47e75261259d3ef3b5a.sdkstatcache -fmessage-length\=0 -fdiagnostics-show-note-include-stack -fmacro-backtrace-limit\=0 -fno-color-diagnostics -Wno-trigraphs -Wno-missing-field-initializers -Wno-missing-prototypes -Wno-return-type -Wno-implicit-atomic-properties -Wno-objc-interface-ivars -Wno-arc-repeated-use-of-weak -Wno-non-virtual-dtor -Wno-overloaded-virtual -Wno-exit-time-destructors -Wno-missing-braces -Wparentheses -Wswitch -Wno-unused-function -Wno-unused-label -Wno-unused-parameter -Wno-unused-variable -Wunused-value -Wno-empty-body -Wno-uninitialized -Wno-unknown-pragmas -Wno-shadow -Wno-four-char-constants -Wno-conversion -Wno-constant-conversion -Wno-int-conversion -Wno-bool-conversion -Wno-enum-conversion -Wno-float-conversion -Wno-non-literal-null-conversion -Wno-objc-literal-conversion -Wshorten-64-to-32 -Wno-newline-eof -Wno-selector -Wno-strict-selector-match -Wno-undeclared-selector -Wno-deprecated-implementations -Wno-c++11-extensions -Wno-implicit-fallthrough -fstrict-aliasing -Wprotocol -Wdeprecated-declarations -Winvalid-offsetof -Wno-sign-conversion -Wno-infinite-recursion -Wno-move -Wno-comma -Wno-block-capture-autoreleasing -Wno-strict-prototypes -Wno-range-loop-analysis -Wno-semicolon-before-method-body -index-store-path /Users/aimac/Library/Developer/Xcode/DerivedData/FloppyTurd-gmfqtifroyfasvcubqfvsxhpuoel/Index.noindex/DataStore -Wall -Wextra @/Users/aimac/Development/FloppyTurd/build/FloppyTurd.build/Debug-iphonesimulator/Objects-normal/x86_64/af3fcb34312c57c0f52879cdce924b91-common-args.resp -MMD -MT dependencies -MF /Users/aimac/Development/FloppyTurd/build/FloppyTurd.build/Debug-iphonesimulator/Objects-normal/x86_64/GameViewController.d --serialize-diagnostics /Users/aimac/Development/FloppyTurd/build/FloppyTurd.build/Debug-iphonesimulator/Objects-normal/x86_64/GameViewController.dia -c /Users/aimac/Development/FloppyTurd/FloppyTurd/iOS/GameViewController.mm -o /Users/aimac/Development/FloppyTurd/build/FloppyTurd.build/Debug-iphonesimulator/Objects-normal/x86_64/GameViewController.o -index-unit-output-path /FloppyTurd.build/Debug-iphonesimulator/Objects-normal/x86_64/GameViewController.o

CompileC /Users/aimac/Development/FloppyTurd/build/FloppyTurd.build/Debug-iphonesimulator/Objects-normal/x86_64/GameView.o /Users/aimac/Development/FloppyTurd/FloppyTurd/iOS/GameView.mm normal x86_64 objective-c++ com.apple.compilers.llvm.clang.1_0.compiler (in target 'FloppyTurd' from project 'FloppyTurd')
    cd /Users/aimac/Development/FloppyTurd
    
    Using response file: /Users/aimac/Development/FloppyTurd/build/FloppyTurd.build/Debug-iphonesimulator/Objects-normal/x86_64/af3fcb34312c57c0f52879cdce924b91-common-args.resp
    
    /Applications/Xcode.app/Contents/Developer/Toolchains/XcodeDefault.xctoolchain/usr/bin/clang -x objective-c++ -ivfsstatcache /Users/aimac/Library/Developer/Xcode/DerivedData/SDKStatCaches.noindex/iphonesimulator18.2-22C146-07b28473f605e47e75261259d3ef3b5a.sdkstatcache -fmessage-length\=0 -fdiagnostics-show-note-include-stack -fmacro-backtrace-limit\=0 -fno-color-diagnostics -Wno-trigraphs -Wno-missing-field-initializers -Wno-missing-prototypes -Wno-return-type -Wno-implicit-atomic-properties -Wno-objc-interface-ivars -Wno-arc-repeated-use-of-weak -Wno-non-virtual-dtor -Wno-overloaded-virtual -Wno-exit-time-destructors -Wno-missing-braces -Wparentheses -Wswitch -Wno-unused-function -Wno-unused-label -Wno-unused-parameter -Wno-unused-variable -Wunused-value -Wno-empty-body -Wno-uninitialized -Wno-unknown-pragmas -Wno-shadow -Wno-four-char-constants -Wno-conversion -Wno-constant-conversion -Wno-int-conversion -Wno-bool-conversion -Wno-enum-conversion -Wno-float-conversion -Wno-non-literal-null-conversion -Wno-objc-literal-conversion -Wshorten-64-to-32 -Wno-newline-eof -Wno-selector -Wno-strict-selector-match -Wno-undeclared-selector -Wno-deprecated-implementations -Wno-c++11-extensions -Wno-implicit-fallthrough -fstrict-aliasing -Wprotocol -Wdeprecated-declarations -Winvalid-offsetof -Wno-sign-conversion -Wno-infinite-recursion -Wno-move -Wno-comma -Wno-block-capture-autoreleasing -Wno-strict-prototypes -Wno-range-loop-analysis -Wno-semicolon-before-method-body -index-store-path /Users/aimac/Library/Developer/Xcode/DerivedData/FloppyTurd-gmfqtifroyfasvcubqfvsxhpuoel/Index.noindex/DataStore -Wall -Wextra @/Users/aimac/Development/FloppyTurd/build/FloppyTurd.build/Debug-iphonesimulator/Objects-normal/x86_64/af3fcb34312c57c0f52879cdce924b91-common-args.resp -MMD -MT dependencies -MF /Users/aimac/Development/FloppyTurd/build/FloppyTurd.build/Debug-iphonesimulator/Objects-normal/x86_64/GameView.d --serialize-diagnostics /Users/aimac/Development/FloppyTurd/build/FloppyTurd.build/Debug-iphonesimulator/Objects-normal/x86_64/GameView.dia -c /Users/aimac/Development/FloppyTurd/FloppyTurd/iOS/GameView.mm -o /Users/aimac/Development/FloppyTurd/build/FloppyTurd.build/Debug-iphonesimulator/Objects-normal/x86_64/GameView.o -index-unit-output-path /FloppyTurd.build/Debug-iphonesimulator/Objects-normal/x86_64/GameView.o
In file included from /Users/aimac/Development/FloppyTurd/FloppyTurd/iOS/GameView.mm:2:
/Users/aimac/Development/FloppyTurd/FloppyTurd/MetalRenderer.h:219:5: error: unexpected '@' in member specification
  219 |     @property (nonatomic, strong) id<MTLDevice> m_device;
      |     ^
/Users/aimac/Development/FloppyTurd/FloppyTurd/MetalRenderer.h:219:57: warning: extra ';' inside a class [-Wextra-semi]
  219 |     @property (nonatomic, strong) id<MTLDevice> m_device;
      |                                                         ^
/Users/aimac/Development/FloppyTurd/FloppyTurd/MetalRenderer.h:189:46: error: use of undeclared identifier 'm_device'; did you mean 'madvise'?
  189 |     id<MTLDevice> GetDevice() const { return m_device; }
      |                                              ^~~~~~~~
      |                                              madvise
In file included from /Users/aimac/Development/FloppyTurd/FloppyTurd/iOS/GameView.mm:1:
In file included from /Users/aimac/Development/FloppyTurd/FloppyTurd/iOS/GameView.h:4:
In file included from /Applications/Xcode.app/Contents/Developer/Platforms/iPhoneSimulator.platform/Developer/SDKs/iPhoneSimulator18.2.sdk/System/Library/Frameworks/MetalKit.framework/Headers/MetalKit.h:8:
In file included from /Applications/Xcode.app/Contents/Developer/Platforms/iPhoneSimulator.platform/Developer/SDKs/iPhoneSimulator18.2.sdk/System/Library/Frameworks/MetalKit.framework/Headers/MTKView.h:11:
In file included from /Applications/Xcode.app/Contents/Developer/Platforms/iPhoneSimulator.platform/Developer/SDKs/iPhoneSimulator18.2.sdk/System/Library/Frameworks/UIKit.framework/Headers/UIKit.h:8:
In file included from /Applications/Xcode.app/Contents/Developer/Platforms/iPhoneSimulator.platform/Developer/SDKs/iPhoneSimulator18.2.sdk/System/Library/Frameworks/Foundation.framework/Headers/Foundation.h:103:
In file included from /Applications/Xcode.app/Contents/Developer/Platforms/iPhoneSimulator.platform/Developer/SDKs/iPhoneSimulator18.2.sdk/System/Library/Frameworks/Foundation.framework/Headers/NSXPCConnection.h:14:
In file included from /Applications/Xcode.app/Contents/Developer/Platforms/iPhoneSimulator.platform/Developer/SDKs/iPhoneSimulator18.2.sdk/usr/include/xpc/xpc.h:9:
/Applications/Xcode.app/Contents/Developer/Platforms/iPhoneSimulator.platform/Developer/SDKs/iPhoneSimulator18.2.sdk/usr/include/sys/mman.h:266:9: note: 'madvise' declared here
  266 | int     madvise(void *, size_t, int);
      |         ^
In file included from /Users/aimac/Development/FloppyTurd/FloppyTurd/iOS/GameView.mm:2:
/Users/aimac/Development/FloppyTurd/FloppyTurd/MetalRenderer.h:189:46: error: cannot initialize return object of type 'id<MTLDevice>' with an lvalue of type 'int (void *, size_t, int)' (aka 'int (void *, unsigned long, int)')
  189 |     id<MTLDevice> GetDevice() const { return m_device; }
      |                                              ^~~~~~~~
In file included from /Users/aimac/Development/FloppyTurd/FloppyTurd/iOS/GameView.mm:3:
In file included from /Users/aimac/Development/FloppyTurd/FloppyTurd/Game.h:10:
In file included from /Users/aimac/Development/FloppyTurd/FloppyTurd/Playing.h:8:
In file included from /Users/aimac/Development/FloppyTurd/FloppyTurd/Level.h:9:
/Users/aimac/Development/FloppyTurd/FloppyTurd/PickUp.h:7:16: warning: field 'timeAlive' will be initialized after field 'wavePhase' [-Wreorder-ctor]
    7 |     PickUp() : timeAlive(0.0f), wavePhase(0.0f) {}
      |                ^~~~~~~~~~~~~~~  ~~~~~~~~~~~~~~~
      |                wavePhase(0.0f)  timeAlive(0.0f)
In file included from /Users/aimac/Development/FloppyTurd/FloppyTurd/iOS/GameView.mm:3:
In file included from /Users/aimac/Development/FloppyTurd/FloppyTurd/Game.h:10:
In file included from /Users/aimac/Development/FloppyTurd/FloppyTurd/Playing.h:9:
In file included from /Users/aimac/Development/FloppyTurd/FloppyTurd/ParkLevel.h:5:
/Users/aimac/Development/FloppyTurd/FloppyTurd/ToiletPair.h:14:7: warning: 'Draw' overrides a member function but is not marked 'override' [-Winconsistent-missing-override]
   14 |         void Draw();
      |              ^
In file included from /Users/aimac/Development/FloppyTurd/FloppyTurd/iOS/GameView.mm:3:
In file included from /Users/aimac/Development/FloppyTurd/FloppyTurd/Game.h:10:
In file included from /Users/aimac/Development/FloppyTurd/FloppyTurd/Playing.h:8:
In file included from /Users/aimac/Development/FloppyTurd/FloppyTurd/Level.h:5:
/Users/aimac/Development/FloppyTurd/FloppyTurd/Obstacle.h:12:18: note: overridden virtual function is here
   12 |     virtual void Draw() = 0;
      |                  ^
In file included from /Users/aimac/Development/FloppyTurd/FloppyTurd/iOS/GameView.mm:3:
In file included from /Users/aimac/Development/FloppyTurd/FloppyTurd/Game.h:10:
In file included from /Users/aimac/Development/FloppyTurd/FloppyTurd/Playing.h:9:
In file included from /Users/aimac/Development/FloppyTurd/FloppyTurd/ParkLevel.h:5:
/Users/aimac/Development/FloppyTurd/FloppyTurd/ToiletPair.h:15:7: warning: 'Update' overrides a member function but is not marked 'override' [-Winconsistent-missing-override]
   15 |         void Update(float deltaTime);
      |              ^
In file included from /Users/aimac/Development/FloppyTurd/FloppyTurd/iOS/GameView.mm:3:
In file included from /Users/aimac/Development/FloppyTurd/FloppyTurd/Game.h:10:
In file included from /Users/aimac/Development/FloppyTurd/FloppyTurd/Playing.h:8:
In file included from /Users/aimac/Development/FloppyTurd/FloppyTurd/Level.h:5:
/Users/aimac/Development/FloppyTurd/FloppyTurd/Obstacle.h:13:18: note: overridden virtual function is here
   13 |     virtual void Update(float deltaTime) = 0;
      |                  ^
In file included from /Users/aimac/Development/FloppyTurd/FloppyTurd/iOS/GameView.mm:3:
In file included from /Users/aimac/Development/FloppyTurd/FloppyTurd/Game.h:10:
In file included from /Users/aimac/Development/FloppyTurd/FloppyTurd/Playing.h:9:
In file included from /Users/aimac/Development/FloppyTurd/FloppyTurd/ParkLevel.h:5:
/Users/aimac/Development/FloppyTurd/FloppyTurd/ToiletPair.h:19:25: warning: 'GetHitboxes' overrides a member function but is not marked 'override' [-Winconsistent-missing-override]
   19 |         std::vector<Rectangle> GetHitboxes();
      |                                ^
In file included from /Users/aimac/Development/FloppyTurd/FloppyTurd/iOS/GameView.mm:3:
In file included from /Users/aimac/Development/FloppyTurd/FloppyTurd/Game.h:10:
In file included from /Users/aimac/Development/FloppyTurd/FloppyTurd/Playing.h:8:
In file included from /Users/aimac/Development/FloppyTurd/FloppyTurd/Level.h:5:
/Users/aimac/Development/FloppyTurd/FloppyTurd/Obstacle.h:14:36: note: overridden virtual function is here
   14 |     virtual std::vector<Rectangle> GetHitboxes() = 0;
      |                                    ^
In file included from /Users/aimac/Development/FloppyTurd/FloppyTurd/iOS/GameView.mm:3:
In file included from /Users/aimac/Development/FloppyTurd/FloppyTurd/Game.h:10:
In file included from /Users/aimac/Development/FloppyTurd/FloppyTurd/Playing.h:9:
In file included from /Users/aimac/Development/FloppyTurd/FloppyTurd/ParkLevel.h:5:
/Users/aimac/Development/FloppyTurd/FloppyTurd/ToiletPair.h:23:7: warning: 'SetPanSpeed' overrides a member function but is not marked 'override' [-Winconsistent-missing-override]
   23 |         void SetPanSpeed(float speed);
      |              ^
In file included from /Users/aimac/Development/FloppyTurd/FloppyTurd/iOS/GameView.mm:3:
In file included from /Users/aimac/Development/FloppyTurd/FloppyTurd/Game.h:10:
In file included from /Users/aimac/Development/FloppyTurd/FloppyTurd/Playing.h:8:
In file included from /Users/aimac/Development/FloppyTurd/FloppyTurd/Level.h:5:
/Users/aimac/Development/FloppyTurd/FloppyTurd/Obstacle.h:16:18: note: overridden virtual function is here
   16 |     virtual void SetPanSpeed(float speed) = 0; // New: Virtual method for pan speed
      |                  ^

CompileC /Users/aimac/Development/FloppyTurd/build/FloppyTurd.build/Debug-iphonesimulator/Objects-normal/x86_64/AppDelegate.o /Users/aimac/Development/FloppyTurd/FloppyTurd/iOS/AppDelegate.mm normal x86_64 objective-c++ com.apple.compilers.llvm.clang.1_0.compiler (in target 'FloppyTurd' from project 'FloppyTurd')
    cd /Users/aimac/Development/FloppyTurd
    
    Using response file: /Users/aimac/Development/FloppyTurd/build/FloppyTurd.build/Debug-iphonesimulator/Objects-normal/x86_64/af3fcb34312c57c0f52879cdce924b91-common-args.resp
    
    /Applications/Xcode.app/Contents/Developer/Toolchains/XcodeDefault.xctoolchain/usr/bin/clang -x objective-c++ -ivfsstatcache /Users/aimac/Library/Developer/Xcode/DerivedData/SDKStatCaches.noindex/iphonesimulator18.2-22C146-07b28473f605e47e75261259d3ef3b5a.sdkstatcache -fmessage-length\=0 -fdiagnostics-show-note-include-stack -fmacro-backtrace-limit\=0 -fno-color-diagnostics -Wno-trigraphs -Wno-missing-field-initializers -Wno-missing-prototypes -Wno-return-type -Wno-implicit-atomic-properties -Wno-objc-interface-ivars -Wno-arc-repeated-use-of-weak -Wno-non-virtual-dtor -Wno-overloaded-virtual -Wno-exit-time-destructors -Wno-missing-braces -Wparentheses -Wswitch -Wno-unused-function -Wno-unused-label -Wno-unused-parameter -Wno-unused-variable -Wunused-value -Wno-empty-body -Wno-uninitialized -Wno-unknown-pragmas -Wno-shadow -Wno-four-char-constants -Wno-conversion -Wno-constant-conversion -Wno-int-conversion -Wno-bool-conversion -Wno-enum-conversion -Wno-float-conversion -Wno-non-literal-null-conversion -Wno-objc-literal-conversion -Wshorten-64-to-32 -Wno-newline-eof -Wno-selector -Wno-strict-selector-match -Wno-undeclared-selector -Wno-deprecated-implementations -Wno-c++11-extensions -Wno-implicit-fallthrough -fstrict-aliasing -Wprotocol -Wdeprecated-declarations -Winvalid-offsetof -Wno-sign-conversion -Wno-infinite-recursion -Wno-move -Wno-comma -Wno-block-capture-autoreleasing -Wno-strict-prototypes -Wno-range-loop-analysis -Wno-semicolon-before-method-body -index-store-path /Users/aimac/Library/Developer/Xcode/DerivedData/FloppyTurd-gmfqtifroyfasvcubqfvsxhpuoel/Index.noindex/DataStore -Wall -Wextra @/Users/aimac/Development/FloppyTurd/build/FloppyTurd.build/Debug-iphonesimulator/Objects-normal/x86_64/af3fcb34312c57c0f52879cdce924b91-common-args.resp -MMD -MT dependencies -MF /Users/aimac/Development/FloppyTurd/build/FloppyTurd.build/Debug-iphonesimulator/Objects-normal/x86_64/AppDelegate.d --serialize-diagnostics /Users/aimac/Development/FloppyTurd/build/FloppyTurd.build/Debug-iphonesimulator/Objects-normal/x86_64/AppDelegate.dia -c /Users/aimac/Development/FloppyTurd/FloppyTurd/iOS/AppDelegate.mm -o /Users/aimac/Development/FloppyTurd/build/FloppyTurd.build/Debug-iphonesimulator/Objects-normal/x86_64/AppDelegate.o -index-unit-output-path /FloppyTurd.build/Debug-iphonesimulator/Objects-normal/x86_64/AppDelegate.o

CompileC /Users/aimac/Development/FloppyTurd/build/FloppyTurd.build/Debug-iphonesimulator/Objects-normal/x86_64/MetalTexture.o /Users/aimac/Development/FloppyTurd/FloppyTurd/MetalTexture.mm normal x86_64 objective-c++ com.apple.compilers.llvm.clang.1_0.compiler (in target 'FloppyTurd' from project 'FloppyTurd')
    cd /Users/aimac/Development/FloppyTurd
    
    Using response file: /Users/aimac/Development/FloppyTurd/build/FloppyTurd.build/Debug-iphonesimulator/Objects-normal/x86_64/af3fcb34312c57c0f52879cdce924b91-common-args.resp
    
    /Applications/Xcode.app/Contents/Developer/Toolchains/XcodeDefault.xctoolchain/usr/bin/clang -x objective-c++ -ivfsstatcache /Users/aimac/Library/Developer/Xcode/DerivedData/SDKStatCaches.noindex/iphonesimulator18.2-22C146-07b28473f605e47e75261259d3ef3b5a.sdkstatcache -fmessage-length\=0 -fdiagnostics-show-note-include-stack -fmacro-backtrace-limit\=0 -fno-color-diagnostics -Wno-trigraphs -Wno-missing-field-initializers -Wno-missing-prototypes -Wno-return-type -Wno-implicit-atomic-properties -Wno-objc-interface-ivars -Wno-arc-repeated-use-of-weak -Wno-non-virtual-dtor -Wno-overloaded-virtual -Wno-exit-time-destructors -Wno-missing-braces -Wparentheses -Wswitch -Wno-unused-function -Wno-unused-label -Wno-unused-parameter -Wno-unused-variable -Wunused-value -Wno-empty-body -Wno-uninitialized -Wno-unknown-pragmas -Wno-shadow -Wno-four-char-constants -Wno-conversion -Wno-constant-conversion -Wno-int-conversion -Wno-bool-conversion -Wno-enum-conversion -Wno-float-conversion -Wno-non-literal-null-conversion -Wno-objc-literal-conversion -Wshorten-64-to-32 -Wno-newline-eof -Wno-selector -Wno-strict-selector-match -Wno-undeclared-selector -Wno-deprecated-implementations -Wno-c++11-extensions -Wno-implicit-fallthrough -fstrict-aliasing -Wprotocol -Wdeprecated-declarations -Winvalid-offsetof -Wno-sign-conversion -Wno-infinite-recursion -Wno-move -Wno-comma -Wno-block-capture-autoreleasing -Wno-strict-prototypes -Wno-range-loop-analysis -Wno-semicolon-before-method-body -index-store-path /Users/aimac/Library/Developer/Xcode/DerivedData/FloppyTurd-gmfqtifroyfasvcubqfvsxhpuoel/Index.noindex/DataStore -Wall -Wextra @/Users/aimac/Development/FloppyTurd/build/FloppyTurd.build/Debug-iphonesimulator/Objects-normal/x86_64/af3fcb34312c57c0f52879cdce924b91-common-args.resp -MMD -MT dependencies -MF /Users/aimac/Development/FloppyTurd/build/FloppyTurd.build/Debug-iphonesimulator/Objects-normal/x86_64/MetalTexture.d --serialize-diagnostics /Users/aimac/Development/FloppyTurd/build/FloppyTurd.build/Debug-iphonesimulator/Objects-normal/x86_64/MetalTexture.dia -c /Users/aimac/Development/FloppyTurd/FloppyTurd/MetalTexture.mm -o /Users/aimac/Development/FloppyTurd/build/FloppyTurd.build/Debug-iphonesimulator/Objects-normal/x86_64/MetalTexture.o -index-unit-output-path /FloppyTurd.build/Debug-iphonesimulator/Objects-normal/x86_64/MetalTexture.o
In file included from /Users/aimac/Development/FloppyTurd/FloppyTurd/MetalTexture.mm:2:
/Users/aimac/Development/FloppyTurd/FloppyTurd/MetalRenderer.h:219:5: error: unexpected '@' in member specification
  219 |     @property (nonatomic, strong) id<MTLDevice> m_device;
      |     ^
/Users/aimac/Development/FloppyTurd/FloppyTurd/MetalRenderer.h:219:57: warning: extra ';' inside a class [-Wextra-semi]
  219 |     @property (nonatomic, strong) id<MTLDevice> m_device;
      |                                                         ^
/Users/aimac/Development/FloppyTurd/FloppyTurd/MetalRenderer.h:189:46: error: use of undeclared identifier 'm_device'; did you mean 'madvise'?
  189 |     id<MTLDevice> GetDevice() const { return m_device; }
      |                                              ^~~~~~~~
      |                                              madvise
In file included from /Users/aimac/Development/FloppyTurd/FloppyTurd/MetalTexture.mm:1:
In file included from /Users/aimac/Development/FloppyTurd/FloppyTurd/MetalTexture.h:9:
In file included from /Applications/Xcode.app/Contents/Developer/Platforms/iPhoneSimulator.platform/Developer/SDKs/iPhoneSimulator18.2.sdk/System/Library/Frameworks/Metal.framework/Headers/Metal.h:9:
In file included from /Applications/Xcode.app/Contents/Developer/Platforms/iPhoneSimulator.platform/Developer/SDKs/iPhoneSimulator18.2.sdk/System/Library/Frameworks/Metal.framework/Headers/MTLTypes.h:8:
In file included from /Applications/Xcode.app/Contents/Developer/Platforms/iPhoneSimulator.platform/Developer/SDKs/iPhoneSimulator18.2.sdk/System/Library/Frameworks/Foundation.framework/Headers/Foundation.h:103:
In file included from /Applications/Xcode.app/Contents/Developer/Platforms/iPhoneSimulator.platform/Developer/SDKs/iPhoneSimulator18.2.sdk/System/Library/Frameworks/Foundation.framework/Headers/NSXPCConnection.h:14:
In file included from /Applications/Xcode.app/Contents/Developer/Platforms/iPhoneSimulator.platform/Developer/SDKs/iPhoneSimulator18.2.sdk/usr/include/xpc/xpc.h:9:
/Applications/Xcode.app/Contents/Developer/Platforms/iPhoneSimulator.platform/Developer/SDKs/iPhoneSimulator18.2.sdk/usr/include/sys/mman.h:266:9: note: 'madvise' declared here
  266 | int     madvise(void *, size_t, int);
      |         ^
In file included from /Users/aimac/Development/FloppyTurd/FloppyTurd/MetalTexture.mm:2:
/Users/aimac/Development/FloppyTurd/FloppyTurd/MetalRenderer.h:189:46: error: cannot initialize return object of type 'id<MTLDevice>' with an lvalue of type 'int (void *, size_t, int)' (aka 'int (void *, unsigned long, int)')
  189 |     id<MTLDevice> GetDevice() const { return m_device; }
      |                                              ^~~~~~~~
1 warning and 3 errors generated.

CompileC /Users/aimac/Development/FloppyTurd/build/FloppyTurd.build/Debug-iphonesimulator/Objects-normal/x86_64/MetalTextRenderer.o /Users/aimac/Development/FloppyTurd/FloppyTurd/MetalTextRenderer.mm normal x86_64 objective-c++ com.apple.compilers.llvm.clang.1_0.compiler (in target 'FloppyTurd' from project 'FloppyTurd')
    cd /Users/aimac/Development/FloppyTurd
    
    Using response file: /Users/aimac/Development/FloppyTurd/build/FloppyTurd.build/Debug-iphonesimulator/Objects-normal/x86_64/af3fcb34312c57c0f52879cdce924b91-common-args.resp
    
    /Applications/Xcode.app/Contents/Developer/Toolchains/XcodeDefault.xctoolchain/usr/bin/clang -x objective-c++ -ivfsstatcache /Users/aimac/Library/Developer/Xcode/DerivedData/SDKStatCaches.noindex/iphonesimulator18.2-22C146-07b28473f605e47e75261259d3ef3b5a.sdkstatcache -fmessage-length\=0 -fdiagnostics-show-note-include-stack -fmacro-backtrace-limit\=0 -fno-color-diagnostics -Wno-trigraphs -Wno-missing-field-initializers -Wno-missing-prototypes -Wno-return-type -Wno-implicit-atomic-properties -Wno-objc-interface-ivars -Wno-arc-repeated-use-of-weak -Wno-non-virtual-dtor -Wno-overloaded-virtual -Wno-exit-time-destructors -Wno-missing-braces -Wparentheses -Wswitch -Wno-unused-function -Wno-unused-label -Wno-unused-parameter -Wno-unused-variable -Wunused-value -Wno-empty-body -Wno-uninitialized -Wno-unknown-pragmas -Wno-shadow -Wno-four-char-constants -Wno-conversion -Wno-constant-conversion -Wno-int-conversion -Wno-bool-conversion -Wno-enum-conversion -Wno-float-conversion -Wno-non-literal-null-conversion -Wno-objc-literal-conversion -Wshorten-64-to-32 -Wno-newline-eof -Wno-selector -Wno-strict-selector-match -Wno-undeclared-selector -Wno-deprecated-implementations -Wno-c++11-extensions -Wno-implicit-fallthrough -fstrict-aliasing -Wprotocol -Wdeprecated-declarations -Winvalid-offsetof -Wno-sign-conversion -Wno-infinite-recursion -Wno-move -Wno-comma -Wno-block-capture-autoreleasing -Wno-strict-prototypes -Wno-range-loop-analysis -Wno-semicolon-before-method-body -index-store-path /Users/aimac/Library/Developer/Xcode/DerivedData/FloppyTurd-gmfqtifroyfasvcubqfvsxhpuoel/Index.noindex/DataStore -Wall -Wextra @/Users/aimac/Development/FloppyTurd/build/FloppyTurd.build/Debug-iphonesimulator/Objects-normal/x86_64/af3fcb34312c57c0f52879cdce924b91-common-args.resp -MMD -MT dependencies -MF /Users/aimac/Development/FloppyTurd/build/FloppyTurd.build/Debug-iphonesimulator/Objects-normal/x86_64/MetalTextRenderer.d --serialize-diagnostics /Users/aimac/Development/FloppyTurd/build/FloppyTurd.build/Debug-iphonesimulator/Objects-normal/x86_64/MetalTextRenderer.dia -c /Users/aimac/Development/FloppyTurd/FloppyTurd/MetalTextRenderer.mm -o /Users/aimac/Development/FloppyTurd/build/FloppyTurd.build/Debug-iphonesimulator/Objects-normal/x86_64/MetalTextRenderer.o -index-unit-output-path /FloppyTurd.build/Debug-iphonesimulator/Objects-normal/x86_64/MetalTextRenderer.o

CompileC /Users/aimac/Development/FloppyTurd/build/FloppyTurd.build/Debug-iphonesimulator/Objects-normal/x86_64/MetalRenderer.o /Users/aimac/Development/FloppyTurd/FloppyTurd/MetalRenderer.mm normal x86_64 objective-c++ com.apple.compilers.llvm.clang.1_0.compiler (in target 'FloppyTurd' from project 'FloppyTurd')
    cd /Users/aimac/Development/FloppyTurd
    
    Using response file: /Users/aimac/Development/FloppyTurd/build/FloppyTurd.build/Debug-iphonesimulator/Objects-normal/x86_64/af3fcb34312c57c0f52879cdce924b91-common-args.resp
    
    /Applications/Xcode.app/Contents/Developer/Toolchains/XcodeDefault.xctoolchain/usr/bin/clang -x objective-c++ -ivfsstatcache /Users/aimac/Library/Developer/Xcode/DerivedData/SDKStatCaches.noindex/iphonesimulator18.2-22C146-07b28473f605e47e75261259d3ef3b5a.sdkstatcache -fmessage-length\=0 -fdiagnostics-show-note-include-stack -fmacro-backtrace-limit\=0 -fno-color-diagnostics -Wno-trigraphs -Wno-missing-field-initializers -Wno-missing-prototypes -Wno-return-type -Wno-implicit-atomic-properties -Wno-objc-interface-ivars -Wno-arc-repeated-use-of-weak -Wno-non-virtual-dtor -Wno-overloaded-virtual -Wno-exit-time-destructors -Wno-missing-braces -Wparentheses -Wswitch -Wno-unused-function -Wno-unused-label -Wno-unused-parameter -Wno-unused-variable -Wunused-value -Wno-empty-body -Wno-uninitialized -Wno-unknown-pragmas -Wno-shadow -Wno-four-char-constants -Wno-conversion -Wno-constant-conversion -Wno-int-conversion -Wno-bool-conversion -Wno-enum-conversion -Wno-float-conversion -Wno-non-literal-null-conversion -Wno-objc-literal-conversion -Wshorten-64-to-32 -Wno-newline-eof -Wno-selector -Wno-strict-selector-match -Wno-undeclared-selector -Wno-deprecated-implementations -Wno-c++11-extensions -Wno-implicit-fallthrough -fstrict-aliasing -Wprotocol -Wdeprecated-declarations -Winvalid-offsetof -Wno-sign-conversion -Wno-infinite-recursion -Wno-move -Wno-comma -Wno-block-capture-autoreleasing -Wno-strict-prototypes -Wno-range-loop-analysis -Wno-semicolon-before-method-body -index-store-path /Users/aimac/Library/Developer/Xcode/DerivedData/FloppyTurd-gmfqtifroyfasvcubqfvsxhpuoel/Index.noindex/DataStore -Wall -Wextra @/Users/aimac/Development/FloppyTurd/build/FloppyTurd.build/Debug-iphonesimulator/Objects-normal/x86_64/af3fcb34312c57c0f52879cdce924b91-common-args.resp -MMD -MT dependencies -MF /Users/aimac/Development/FloppyTurd/build/FloppyTurd.build/Debug-iphonesimulator/Objects-normal/x86_64/MetalRenderer.d --serialize-diagnostics /Users/aimac/Development/FloppyTurd/build/FloppyTurd.build/Debug-iphonesimulator/Objects-normal/x86_64/MetalRenderer.dia -c /Users/aimac/Development/FloppyTurd/FloppyTurd/MetalRenderer.mm -o /Users/aimac/Development/FloppyTurd/build/FloppyTurd.build/Debug-iphonesimulator/Objects-normal/x86_64/MetalRenderer.o -index-unit-output-path /FloppyTurd.build/Debug-iphonesimulator/Objects-normal/x86_64/MetalRenderer.o

CompileC /Users/aimac/Development/FloppyTurd/build/FloppyTurd.build/Debug-iphonesimulator/Objects-normal/x86_64/MetalFrameResources.o /Users/aimac/Development/FloppyTurd/FloppyTurd/MetalFrameResources.mm normal x86_64 objective-c++ com.apple.compilers.llvm.clang.1_0.compiler (in target 'FloppyTurd' from project 'FloppyTurd')
    cd /Users/aimac/Development/FloppyTurd
    
    Using response file: /Users/aimac/Development/FloppyTurd/build/FloppyTurd.build/Debug-iphonesimulator/Objects-normal/x86_64/af3fcb34312c57c0f52879cdce924b91-common-args.resp
    
    /Applications/Xcode.app/Contents/Developer/Toolchains/XcodeDefault.xctoolchain/usr/bin/clang -x objective-c++ -ivfsstatcache /Users/aimac/Library/Developer/Xcode/DerivedData/SDKStatCaches.noindex/iphonesimulator18.2-22C146-07b28473f605e47e75261259d3ef3b5a.sdkstatcache -fmessage-length\=0 -fdiagnostics-show-note-include-stack -fmacro-backtrace-limit\=0 -fno-color-diagnostics -Wno-trigraphs -Wno-missing-field-initializers -Wno-missing-prototypes -Wno-return-type -Wno-implicit-atomic-properties -Wno-objc-interface-ivars -Wno-arc-repeated-use-of-weak -Wno-non-virtual-dtor -Wno-overloaded-virtual -Wno-exit-time-destructors -Wno-missing-braces -Wparentheses -Wswitch -Wno-unused-function -Wno-unused-label -Wno-unused-parameter -Wno-unused-variable -Wunused-value -Wno-empty-body -Wno-uninitialized -Wno-unknown-pragmas -Wno-shadow -Wno-four-char-constants -Wno-conversion -Wno-constant-conversion -Wno-int-conversion -Wno-bool-conversion -Wno-enum-conversion -Wno-float-conversion -Wno-non-literal-null-conversion -Wno-objc-literal-conversion -Wshorten-64-to-32 -Wno-newline-eof -Wno-selector -Wno-strict-selector-match -Wno-undeclared-selector -Wno-deprecated-implementations -Wno-c++11-extensions -Wno-implicit-fallthrough -fstrict-aliasing -Wprotocol -Wdeprecated-declarations -Winvalid-offsetof -Wno-sign-conversion -Wno-infinite-recursion -Wno-move -Wno-comma -Wno-block-capture-autoreleasing -Wno-strict-prototypes -Wno-range-loop-analysis -Wno-semicolon-before-method-body -index-store-path /Users/aimac/Library/Developer/Xcode/DerivedData/FloppyTurd-gmfqtifroyfasvcubqfvsxhpuoel/Index.noindex/DataStore -Wall -Wextra @/Users/aimac/Development/FloppyTurd/build/FloppyTurd.build/Debug-iphonesimulator/Objects-normal/x86_64/af3fcb34312c57c0f52879cdce924b91-common-args.resp -MMD -MT dependencies -MF /Users/aimac/Development/FloppyTurd/build/FloppyTurd.build/Debug-iphonesimulator/Objects-normal/x86_64/MetalFrameResources.d --serialize-diagnostics /Users/aimac/Development/FloppyTurd/build/FloppyTurd.build/Debug-iphonesimulator/Objects-normal/x86_64/MetalFrameResources.dia -c /Users/aimac/Development/FloppyTurd/FloppyTurd/MetalFrameResources.mm -o /Users/aimac/Development/FloppyTurd/build/FloppyTurd.build/Debug-iphonesimulator/Objects-normal/x86_64/MetalFrameResources.o -index-unit-output-path /FloppyTurd.build/Debug-iphonesimulator/Objects-normal/x86_64/MetalFrameResources.o

CompileC /Users/aimac/Development/FloppyTurd/build/FloppyTurd.build/Debug-iphonesimulator/Objects-normal/x86_64/MenuButton.o /Users/aimac/Development/FloppyTurd/FloppyTurd/MenuButton.cpp normal x86_64 c++ com.apple.compilers.llvm.clang.1_0.compiler (in target 'FloppyTurd' from project 'FloppyTurd')
    cd /Users/aimac/Development/FloppyTurd
    
    Using response file: /Users/aimac/Development/FloppyTurd/build/FloppyTurd.build/Debug-iphonesimulator/Objects-normal/x86_64/82b82416624d2658e5098eb0a28c15c5-common-args.resp
    
    /Applications/Xcode.app/Contents/Developer/Toolchains/XcodeDefault.xctoolchain/usr/bin/clang -x c++ -ivfsstatcache /Users/aimac/Library/Developer/Xcode/DerivedData/SDKStatCaches.noindex/iphonesimulator18.2-22C146-07b28473f605e47e75261259d3ef3b5a.sdkstatcache -fmessage-length\=0 -fdiagnostics-show-note-include-stack -fmacro-backtrace-limit\=0 -fno-color-diagnostics -Wno-trigraphs -Wno-missing-field-initializers -Wno-missing-prototypes -Wno-return-type -Wno-non-virtual-dtor -Wno-overloaded-virtual -Wno-exit-time-destructors -Wno-missing-braces -Wparentheses -Wswitch -Wno-unused-function -Wno-unused-label -Wno-unused-parameter -Wno-unused-variable -Wunused-value -Wno-empty-body -Wno-uninitialized -Wno-unknown-pragmas -Wno-shadow -Wno-four-char-constants -Wno-conversion -Wno-constant-conversion -Wno-int-conversion -Wno-bool-conversion -Wno-enum-conversion -Wno-float-conversion -Wno-non-literal-null-conversion -Wno-objc-literal-conversion -Wshorten-64-to-32 -Wno-newline-eof -Wno-c++11-extensions -Wno-implicit-fallthrough -fstrict-aliasing -Wdeprecated-declarations -Winvalid-offsetof -Wno-sign-conversion -Wno-infinite-recursion -Wno-move -Wno-comma -Wno-block-capture-autoreleasing -Wno-strict-prototypes -Wno-range-loop-analysis -Wno-semicolon-before-method-body -index-store-path /Users/aimac/Library/Developer/Xcode/DerivedData/FloppyTurd-gmfqtifroyfasvcubqfvsxhpuoel/Index.noindex/DataStore -Wall -Wextra @/Users/aimac/Development/FloppyTurd/build/FloppyTurd.build/Debug-iphonesimulator/Objects-normal/x86_64/82b82416624d2658e5098eb0a28c15c5-common-args.resp -MMD -MT dependencies -MF /Users/aimac/Development/FloppyTurd/build/FloppyTurd.build/Debug-iphonesimulator/Objects-normal/x86_64/MenuButton.d --serialize-diagnostics /Users/aimac/Development/FloppyTurd/build/FloppyTurd.build/Debug-iphonesimulator/Objects-normal/x86_64/MenuButton.dia -c /Users/aimac/Development/FloppyTurd/FloppyTurd/MenuButton.cpp -o /Users/aimac/Development/FloppyTurd/build/FloppyTurd.build/Debug-iphonesimulator/Objects-normal/x86_64/MenuButton.o -index-unit-output-path /FloppyTurd.build/Debug-iphonesimulator/Objects-normal/x86_64/MenuButton.o

